// Jest Snapshot v1, https://goo.gl/fbAQLP

exports[`sass plugin should work with css minify and bundle: should-work-with-css-minify-and-bundle 1`] = `
"html,body{font-size:16px}html,body{color:var(--theme-primary)}
"
`;

exports[`sass plugin should work without bundle: should-work-without-bundle 1`] = `
"@import \\"./dep.css\\";
html,
body {
  color: var(--theme-primary);
}
"
`;
